{"level":"info","message":" received request to saveProduct /api/product","service":"post-service","timestamp":"2025-11-10T12:03:35.654Z"}
{"application_id":5454,"category_id":101,"description":"chicken_biryani dum ","level":"info","message":" input fields : ","name":"chicken_biryani","price":90,"service":"post-service","service_type":["curbside","pickup","delivery"],"status":"active","store_id":1,"timestamp":"2025-11-10T12:03:35.657Z"}
{"level":"error","message":"error while saving product : ","service":"post-service","stack":"ValidationError: \"product__id\" is not allowed","timestamp":"2025-11-10T12:03:35.662Z"}
{"level":"info","message":" received request to saveProduct /api/product","service":"post-service","timestamp":"2025-11-10T12:04:20.568Z"}
{"application_id":5454,"category_id":101,"description":"chicken_biryani dum ","level":"info","message":" input fields : ","name":"chicken_biryani","price":90,"service":"post-service","service_type":["curbside","pickup","delivery"],"status":"active","store_id":1,"timestamp":"2025-11-10T12:04:20.569Z"}
{"level":"debug","message":"Creating product with name: chicken_biryani","service":"post-service","timestamp":"2025-11-10T12:04:20.570Z"}
{"level":"info","message":"Received request remove product : 6911d4c4e71005dcc3de0b2f ","service":"post-service","timestamp":"2025-11-10T12:07:36.273Z"}
{"level":"info","message":"Received request deleteProduct service : 6911d4c4e71005dcc3de0b2f","service":"post-service","timestamp":"2025-11-10T12:07:36.278Z"}
{"level":"info","message":"Product deleted successffully!","service":"post-service","timestamp":"2025-11-10T12:07:36.291Z"}
{"level":"info","message":" received request to saveProduct /api/product","service":"post-service","timestamp":"2025-11-10T12:08:07.692Z"}
{"level":"info","message":" received request to saveProduct /api/product","service":"post-service","timestamp":"2025-11-10T12:08:15.674Z"}
{"level":"info","message":" received request to saveProduct /api/product","service":"post-service","timestamp":"2025-11-10T12:08:26.286Z"}
{"level":"info","message":" received request to saveProduct /api/product","service":"post-service","timestamp":"2025-11-10T12:09:18.301Z"}
{"application_id":5454,"category_id":101,"description":"chicken_biryani dum ","level":"info","message":" input fields : ","name":"chicken_biryani","price":90,"product_id":19,"service":"post-service","service_type":["curbside","pickup","delivery"],"status":"active","store_id":1,"timestamp":"2025-11-10T12:09:18.305Z","variant_id":19}
{"level":"error","message":"error while saving product : ","service":"post-service","stack":"ValidationError: \"product_id\" is not allowed","timestamp":"2025-11-10T12:09:18.309Z"}
{"level":"info","message":" received request to saveProduct /api/product","service":"post-service","timestamp":"2025-11-10T12:11:59.166Z"}
{"application_id":5454,"category_id":101,"description":"chicken_biryani dum ","level":"info","message":" input fields : ","name":"chicken_biryani","price":90,"product_id":19,"service":"post-service","service_type":["curbside","pickup","delivery"],"status":"active","store_id":1,"timestamp":"2025-11-10T12:11:59.170Z","variant_id":19}
{"level":"error","message":"error while saving product : ","service":"post-service","stack":"ValidationError: \"product_id\" must be an array","timestamp":"2025-11-10T12:11:59.174Z"}
{"level":"info","message":" received request to saveProduct /api/product","service":"post-service","timestamp":"2025-11-10T12:12:37.561Z"}
{"application_id":5454,"category_id":101,"description":"chicken_biryani dum ","level":"info","message":" input fields : ","name":"chicken_biryani","price":90,"product_id":19,"service":"post-service","service_type":["curbside","pickup","delivery"],"status":"active","store_id":1,"timestamp":"2025-11-10T12:12:37.564Z","variant_id":19}
{"level":"debug","message":"Creating product with name: chicken_biryani","service":"post-service","timestamp":"2025-11-10T12:12:37.568Z"}
{"level":"info","message":" received request to saveProduct /api/product","service":"post-service","timestamp":"2025-11-10T12:13:13.766Z"}
{"application_id":5454,"category_id":101,"description":"mutton_biryani dum ","level":"info","message":" input fields : ","name":"mutton_biryani","price":110,"product_id":20,"service":"post-service","service_type":["curbside","pickup","delivery"],"status":"active","store_id":1,"timestamp":"2025-11-10T12:13:13.768Z","variant_id":21}
{"level":"debug","message":"Creating product with name: mutton_biryani","service":"post-service","timestamp":"2025-11-10T12:13:13.769Z"}
{"level":"info","message":" received request to saveProduct /api/product","service":"post-service","timestamp":"2025-11-10T12:13:45.403Z"}
{"application_id":5454,"category_id":102,"description":"pizza veg","level":"info","message":" input fields : ","name":"pizza veg","price":110,"product_id":21,"service":"post-service","service_type":["curbside","pickup","delivery"],"status":"active","store_id":1,"timestamp":"2025-11-10T12:13:45.404Z","variant_id":23}
{"level":"debug","message":"Creating product with name: pizza veg","service":"post-service","timestamp":"2025-11-10T12:13:45.405Z"}
{"level":"info","message":" received request to saveProduct /api/product","service":"post-service","timestamp":"2025-11-10T12:13:57.046Z"}
{"application_id":5454,"category_id":102,"description":"pizza chicken","level":"info","message":" input fields : ","name":"pizza chicken","price":110,"product_id":21,"service":"post-service","service_type":["curbside","pickup","delivery"],"status":"active","store_id":1,"timestamp":"2025-11-10T12:13:57.046Z","variant_id":23}
{"level":"debug","message":"Creating product with name: pizza chicken","service":"post-service","timestamp":"2025-11-10T12:13:57.048Z"}
{"level":"info","message":" received request to saveProduct /api/product","service":"post-service","timestamp":"2025-11-10T12:14:33.513Z"}
{"application_id":5454,"category_id":101,"description":"Gulab Jamun","level":"info","message":" input fields : ","name":"Gulab Jamun","price":110,"product_id":23,"service":"post-service","service_type":["curbside","pickup","delivery"],"status":"active","store_id":1,"timestamp":"2025-11-10T12:14:33.513Z","variant_id":25}
{"level":"debug","message":"Creating product with name: Gulab Jamun","service":"post-service","timestamp":"2025-11-10T12:14:33.514Z"}
{"level":"info","message":" received request to saveProduct /api/product","service":"post-service","timestamp":"2026-02-06T07:06:19.609Z"}
{"category_id":102,"level":"info","message":" input fields : ","name":"Mushroom Pickle","price":"29.99","product_id":1,"service":"post-service","service_type":["pickup","delivery"],"status":"active","store_id":1,"timestamp":"2026-02-06T07:06:19.613Z","variant_id":2}
{"level":"error","message":"error while saving product : ","service":"post-service","stack":"ValidationError: \"application_id\" is required","timestamp":"2026-02-06T07:06:19.616Z"}
{"level":"info","message":" received request to saveProduct /api/product","service":"post-service","timestamp":"2026-02-06T07:07:21.276Z"}
{"application_id":5454,"category_id":102,"level":"info","message":" input fields : ","name":"Mushroom Pickle","price":"29.99","product_id":1,"service":"post-service","service_type":["pickup","delivery"],"status":"active","store_id":1,"timestamp":"2026-02-06T07:07:21.277Z","variant_id":2}
{"level":"debug","message":"Creating product with name: Mushroom Pickle","service":"post-service","timestamp":"2026-02-06T07:07:21.279Z"}
{"level":"info","message":" received request to saveProduct /api/product","service":"post-service","timestamp":"2026-02-06T07:08:28.588Z"}
{"application_id":5454,"category_id":102,"level":"info","message":" input fields : ","name":"Mushroom Pickle","price":"29.99","product_id":1,"service":"post-service","service_type":["pickup","delivery"],"status":"active","store_id":1,"timestamp":"2026-02-06T07:08:28.592Z","variant_id":2}
{"level":"debug","message":"Creating product with name: Mushroom Pickle","service":"post-service","timestamp":"2026-02-06T07:08:28.596Z"}
{"level":"info","message":" received request to saveProduct /api/product","service":"post-service","timestamp":"2026-02-06T07:09:04.475Z"}
{"application_id":5454,"category_id":102,"level":"info","message":" input fields : ","name":"Dum Biryani","price":"29.99","product_id":2,"service":"post-service","service_type":["pickup","delivery"],"status":"active","store_id":1,"timestamp":"2026-02-06T07:09:04.476Z","variant_id":1}
{"level":"debug","message":"Creating product with name: Dum Biryani","service":"post-service","timestamp":"2026-02-06T07:09:04.478Z"}
{"level":"info","message":" received request to saveProduct /api/product","service":"post-service","timestamp":"2026-02-06T07:09:33.259Z"}
{"application_id":5454,"category_id":100,"level":"info","message":" input fields : ","name":"Butter naan","price":"30","product_id":3,"service":"post-service","service_type":["pickup","delivery"],"status":"active","store_id":1,"timestamp":"2026-02-06T07:09:33.260Z","variant_id":1}
{"level":"debug","message":"Creating product with name: Butter naan","service":"post-service","timestamp":"2026-02-06T07:09:33.261Z"}
{"level":"info","message":" received request to saveProduct /api/product","service":"post-service","timestamp":"2026-02-06T12:52:18.514Z"}
{"application_id":5454,"category_id":100,"level":"info","message":" input fields : ","name":"Butter naan","price":"30","product_id":3,"service":"post-service","service_type":["pickup","delivery"],"status":"active","store_id":1,"timestamp":"2026-02-06T12:52:18.518Z","variant_id":1}
{"level":"error","message":"error while saving product : ","service":"post-service","stack":"ValidationError: \"tax_category_id\" is not allowed","timestamp":"2026-02-06T12:52:18.524Z"}
{"level":"info","message":" received request to saveProduct /api/product","service":"post-service","timestamp":"2026-02-06T12:55:28.361Z"}
{"application_id":5454,"category_id":100,"level":"info","message":" input fields : ","name":"Butter naan","price":"30","product_id":3,"service":"post-service","service_type":["pickup","delivery"],"status":"active","store_id":1,"tax_category_id":1,"timestamp":"2026-02-06T12:55:28.364Z","variant_id":1}
{"level":"debug","message":"Creating product with name: Butter naan","service":"post-service","timestamp":"2026-02-06T12:55:28.367Z"}
{"level":"info","message":" received request to saveProduct /api/product","service":"post-service","timestamp":"2026-02-06T12:55:52.288Z"}
{"application_id":5454,"category_id":100,"level":"info","message":" input fields : ","name":"Mutton Biryani","price":"30","product_id":5,"service":"post-service","service_type":["pickup","delivery"],"status":"active","store_id":1,"tax_category_id":1,"timestamp":"2026-02-06T12:55:52.289Z","variant_id":1}
{"level":"debug","message":"Creating product with name: Mutton Biryani","service":"post-service","timestamp":"2026-02-06T12:55:52.291Z"}
